2026-09-03 22:33:04 ERROR CheckBoxes - ***Testcase failed****
2026-09-03 22:33:04 ERROR CheckBoxes - no such element: Unable to locate element: {"method":"css selector","selector":".rc\-tree\-switche"}
  (Session info: chrome=152.0.7977.75)
For documentation on this error, please visit: https://www.selenium.dev/documentation/webdriver/troubleshooting/errors#nosuchelementexception
Build info: version: '4.40.0', revision: 'b3333f1'
System info: os.name: 'Windows 10', os.arch: 'amd64', os.version: '10.0', java.version: '21.0.10'
Driver info: org.openqa.selenium.chrome.ChromeDriver
Command: [12cd241dec1b34663967d545d6b013e8, findElement {value=rc-tree-switche, using=class name}]
Capabilities {acceptInsecureCerts: false, browserName: chrome, browserVersion: 152.0.7977.75, chrome: {chromedriverVersion: 152.0.7977.75 (4999cc1efed3..., userDataDir: C:\Users\karth\AppData\Loca...}, fedcm:accounts: true, goog:chromeOptions: {debuggerAddress: localhost:53096}, goog:processID: 19416, networkConnectionEnabled: false, pageLoadStrategy: normal, platformName: windows, proxy: Proxy(), se:cdp: ws://localhost:53096/devtoo..., se:cdpVersion: 152.0.7977.75, setWindowRect: true, strictFileInteractability: false, timeouts: {implicit: 0, pageLoad: 300000, script: 30000}, unhandledPromptBehavior: dismiss and notify, webauthn:extension:credBlob: true, webauthn:extension:largeBlob: true, webauthn:extension:minPinLength: true, webauthn:extension:prf: true, webauthn:virtualAuthenticators: true}
Session ID: 12cd241dec1b34663967d545d6b013e8
2026-09-03 22:34:48 ERROR CheckBoxes - ***Testcase failed****
2026-09-03 22:34:48 ERROR CheckBoxes - element click intercepted: Element is not clickable at point (271, -257)
  (Session info: chrome=152.0.7977.75)
Build info: version: '4.40.0', revision: 'b3333f1'
System info: os.name: 'Windows 10', os.arch: 'amd64', os.version: '10.0', java.version: '21.0.10'
Driver info: org.openqa.selenium.chrome.ChromeDriver
Command: [73faa42cec8359c4f2dbeed27255bfb7, clickElement {id=f.66B0F33FCDD4E78E63692EEA2C281432.d.7660AEE952E396F8458F97D982367202.e.32}]
Capabilities {acceptInsecureCerts: false, browserName: chrome, browserVersion: 152.0.7977.75, chrome: {chromedriverVersion: 152.0.7977.75 (4999cc1efed3..., userDataDir: C:\Users\karth\AppData\Loca...}, fedcm:accounts: true, goog:chromeOptions: {debuggerAddress: localhost:53176}, goog:processID: 16452, networkConnectionEnabled: false, pageLoadStrategy: normal, platformName: windows, proxy: Proxy(), se:cdp: ws://localhost:53176/devtoo..., se:cdpVersion: 152.0.7977.75, setWindowRect: true, strictFileInteractability: false, timeouts: {implicit: 0, pageLoad: 300000, script: 30000}, unhandledPromptBehavior: dismiss and notify, webauthn:extension:credBlob: true, webauthn:extension:largeBlob: true, webauthn:extension:minPinLength: true, webauthn:extension:prf: true, webauthn:virtualAuthenticators: true}
Element: [[ChromeDriver: chrome on windows (73faa42cec8359c4f2dbeed27255bfb7)] -> css selector: .rc-tree-switcher_close]
Session ID: 73faa42cec8359c4f2dbeed27255bfb7
